<?xml version="1.0" encoding="UTF-8"?>
<TestRun id="d7200a6f-cda2-4bd0-8cee-40501b6ca0a1" name="Макс@МАКС-ПК 2010-07-12 11:39:19" runUser="МАКС-ПК\Макс" xmlns="http://microsoft.com/schemas/VisualStudio/TeamTest/2010">
  <TestSettings name="Default Test Settings" id="6bef405e-4284-4060-9309-5b52d1ac0298">
    <Deployment runDeploymentRoot="Макс_МАКС-ПК 2010-07-12 11_39_19">
      <DeploymentItem filename="C:\Users\Макс\Documents\Visual Studio 2008\Projects\MVCbug\MVCbug\bin\MVCbug.dll" />
    </Deployment>
    <Execution>
      <TestTypeSpecific />
      <AgentRule name="Execution Agents">
      </AgentRule>
    </Execution>
  </TestSettings>
  <Times creation="2010-07-12T11:39:19.8114832+03:00" queuing="2010-07-12T11:39:22.1364832+03:00" start="2010-07-12T11:39:22.3204832+03:00" finish="2010-07-12T11:39:23.3174832+03:00" />
  <ResultSummary outcome="Completed">
    <Counters total="1" executed="1" passed="1" error="0" failed="0" timeout="0" aborted="0" inconclusive="0" passedButRunAborted="0" notRunnable="0" notExecuted="0" disconnected="0" warning="0" completed="0" inProgress="0" pending="0" />
  </ResultSummary>
  <TestDefinitions>
    <UnitTest name="About" storage="c:\users\макс\documents\visual studio 2008\projects\mvcbug\mvcbug.tests\bin\debug\mvcbug.tests.dll" id="b0182b69-cb95-3870-2226-c9347e1f4321">
      <Execution id="39bdd669-65e6-4fb5-95ee-253c6a6d49f5" />
      <TestMethod codeBase="C:/Users/Макс/Documents/Visual Studio 2008/Projects/MVCbug/MVCbug.Tests/bin/Debug/MVCbug.Tests.DLL" adapterTypeName="Microsoft.VisualStudio.TestTools.TestTypes.Unit.UnitTestAdapter, Microsoft.VisualStudio.QualityTools.Tips.UnitTest.Adapter, Version=10.0.0.0, Culture=neutral, PublicKeyToken=b03f5f7f11d50a3a" className="MVCbug.Tests.Controllers.HomeControllerTest, MVCbug.Tests, Version=1.0.0.0, Culture=neutral, PublicKeyToken=null" name="About" />
    </UnitTest>
  </TestDefinitions>
  <TestLists>
    <TestList name="Results Not in a List" id="8c84fa94-04c1-424b-9868-57a2d4851a1d" />
    <TestList name="All Loaded Results" id="19431567-8539-422a-85d7-44ee4e166bda" />
  </TestLists>
  <TestEntries>
    <TestEntry testId="b0182b69-cb95-3870-2226-c9347e1f4321" executionId="39bdd669-65e6-4fb5-95ee-253c6a6d49f5" testListId="8c84fa94-04c1-424b-9868-57a2d4851a1d" />
  </TestEntries>
  <Results>
    <UnitTestResult executionId="39bdd669-65e6-4fb5-95ee-253c6a6d49f5" testId="b0182b69-cb95-3870-2226-c9347e1f4321" testName="About" computerName="МАКС-ПК" duration="00:00:00.1334573" startTime="2010-07-12T11:39:22.3804832+03:00" endTime="2010-07-12T11:39:23.2574832+03:00" testType="13cdc9d9-ddb5-4fa4-a97d-d965ccfc6d4b" outcome="Passed" testListId="8c84fa94-04c1-424b-9868-57a2d4851a1d" relativeResultsDirectory="39bdd669-65e6-4fb5-95ee-253c6a6d49f5">
    </UnitTestResult>
  </Results>
</TestRun>